// Jest Snapshot v1, https://goo.gl/fbAQLP

exports[`<Background /> should render without crashing 1`] = `
<div>
  <div
    class="background"
  >
    <div
      class="filter"
    >
      Child content
    </div>
  </div>
</div>
`;
