// Jest Snapshot v1, https://goo.gl/fbAQLP

exports[`<InformationCard /> should match snapshots 1`] = `
<div>
  <div
    class="informationCard"
  />
</div>
`;
